------------------------------------------------------------
Timing Analyzer Summary
------------------------------------------------------------

Type  : Slow 1100mV 85C Model Setup 'vga_clock|pll_25_inst|altera_pll_i|general[0].gpll~PLL_OUTPUT_COUNTER|divclk'
Slack : 22.383
TNS   : 0.000

Type  : Slow 1100mV 85C Model Hold 'vga_clock|pll_25_inst|altera_pll_i|general[0].gpll~PLL_OUTPUT_COUNTER|divclk'
Slack : 0.307
TNS   : 0.000

Type  : Slow 1100mV 85C Model Minimum Pulse Width 'vga_clock|pll_25_inst|altera_pll_i|general[0].gpll~FRACTIONAL_PLL|vcoph[0]'
Slack : 0.325
TNS   : 0.000

Type  : Slow 1100mV 85C Model Minimum Pulse Width 'clk'
Slack : 9.900
TNS   : 0.000

Type  : Slow 1100mV 85C Model Minimum Pulse Width 'vga_clock|pll_25_inst|altera_pll_i|general[0].gpll~PLL_OUTPUT_COUNTER|divclk'
Slack : 19.144
TNS   : 0.000

Type  : Slow 1100mV 0C Model Setup 'vga_clock|pll_25_inst|altera_pll_i|general[0].gpll~PLL_OUTPUT_COUNTER|divclk'
Slack : 22.529
TNS   : 0.000

Type  : Slow 1100mV 0C Model Hold 'vga_clock|pll_25_inst|altera_pll_i|general[0].gpll~PLL_OUTPUT_COUNTER|divclk'
Slack : 0.291
TNS   : 0.000

Type  : Slow 1100mV 0C Model Minimum Pulse Width 'vga_clock|pll_25_inst|altera_pll_i|general[0].gpll~FRACTIONAL_PLL|vcoph[0]'
Slack : 0.325
TNS   : 0.000

Type  : Slow 1100mV 0C Model Minimum Pulse Width 'clk'
Slack : 9.926
TNS   : 0.000

Type  : Slow 1100mV 0C Model Minimum Pulse Width 'vga_clock|pll_25_inst|altera_pll_i|general[0].gpll~PLL_OUTPUT_COUNTER|divclk'
Slack : 19.096
TNS   : 0.000

Type  : Fast 1100mV 85C Model Setup 'vga_clock|pll_25_inst|altera_pll_i|general[0].gpll~PLL_OUTPUT_COUNTER|divclk'
Slack : 29.065
TNS   : 0.000

Type  : Fast 1100mV 85C Model Hold 'vga_clock|pll_25_inst|altera_pll_i|general[0].gpll~PLL_OUTPUT_COUNTER|divclk'
Slack : 0.182
TNS   : 0.000

Type  : Fast 1100mV 85C Model Minimum Pulse Width 'vga_clock|pll_25_inst|altera_pll_i|general[0].gpll~FRACTIONAL_PLL|vcoph[0]'
Slack : 0.325
TNS   : 0.000

Type  : Fast 1100mV 85C Model Minimum Pulse Width 'clk'
Slack : 9.643
TNS   : 0.000

Type  : Fast 1100mV 85C Model Minimum Pulse Width 'vga_clock|pll_25_inst|altera_pll_i|general[0].gpll~PLL_OUTPUT_COUNTER|divclk'
Slack : 19.402
TNS   : 0.000

Type  : Fast 1100mV 0C Model Setup 'vga_clock|pll_25_inst|altera_pll_i|general[0].gpll~PLL_OUTPUT_COUNTER|divclk'
Slack : 30.111
TNS   : 0.000

Type  : Fast 1100mV 0C Model Hold 'vga_clock|pll_25_inst|altera_pll_i|general[0].gpll~PLL_OUTPUT_COUNTER|divclk'
Slack : 0.163
TNS   : 0.000

Type  : Fast 1100mV 0C Model Minimum Pulse Width 'vga_clock|pll_25_inst|altera_pll_i|general[0].gpll~FRACTIONAL_PLL|vcoph[0]'
Slack : 0.325
TNS   : 0.000

Type  : Fast 1100mV 0C Model Minimum Pulse Width 'clk'
Slack : 9.632
TNS   : 0.000

Type  : Fast 1100mV 0C Model Minimum Pulse Width 'vga_clock|pll_25_inst|altera_pll_i|general[0].gpll~PLL_OUTPUT_COUNTER|divclk'
Slack : 19.397
TNS   : 0.000

------------------------------------------------------------
