Analysis & Synthesis report for top
Thu Apr 24 20:51:27 2025
Quartus Prime Version 23.1std.0 Build 991 11/28/2023 SC Lite Edition


---------------------
; Table of Contents ;
---------------------
  1. Legal Notice
  2. Analysis & Synthesis Summary
  3. Analysis & Synthesis Settings
  4. Parallel Compilation
  5. Analysis & Synthesis Source Files Read
  6. Analysis & Synthesis Resource Usage Summary
  7. Analysis & Synthesis Resource Utilization by Entity
  8. Analysis & Synthesis IP Cores Summary
  9. State Machine - |top|vga_timing_generator:timing_gen|v_state
 10. State Machine - |top|vga_timing_generator:timing_gen|h_state
 11. Registers Removed During Synthesis
 12. General Register Statistics
 13. Inverted Register Statistics
 14. Multiplexer Restructuring Statistics (Restructuring Performed)
 15. Parameter Settings for User Entity Instance: pll_25:vga_clock|pll_25_0002:pll_25_inst|altera_pll:altera_pll_i
 16. Parameter Settings for User Entity Instance: vga_renderer:renderer
 17. Parameter Settings for Inferred Entity Instance: vga_renderer:renderer|lpm_divide:Div1
 18. Parameter Settings for Inferred Entity Instance: vga_renderer:renderer|lpm_divide:Div0
 19. Post-Synthesis Netlist Statistics for Top Partition
 20. Elapsed Time Per Partition
 21. Analysis & Synthesis Messages



----------------
; Legal Notice ;
----------------
Copyright (C) 2023  Intel Corporation. All rights reserved.
Your use of Intel Corporation's design tools, logic functions 
and other software and tools, and any partner logic 
functions, and any output files from any of the foregoing 
(including device programming or simulation files), and any 
associated documentation or information are expressly subject 
to the terms and conditions of the Intel Program License 
Subscription Agreement, the Intel Quartus Prime License Agreement,
the Intel FPGA IP License Agreement, or other applicable license
agreement, including, without limitation, that your use is for
the sole purpose of programming logic devices manufactured by
Intel and sold by Intel or its authorized distributors.  Please
refer to the applicable agreement for further details, at
https://fpgasoftware.intel.com/eula.



+----------------------------------------------------------------------------------+
; Analysis & Synthesis Summary                                                     ;
+---------------------------------+------------------------------------------------+
; Analysis & Synthesis Status     ; Successful - Thu Apr 24 20:51:27 2025          ;
; Quartus Prime Version           ; 23.1std.0 Build 991 11/28/2023 SC Lite Edition ;
; Revision Name                   ; top                                            ;
; Top-level Entity Name           ; top                                            ;
; Family                          ; Cyclone V                                      ;
; Logic utilization (in ALMs)     ; N/A                                            ;
; Total registers                 ; 145                                            ;
; Total pins                      ; 35                                             ;
; Total virtual pins              ; 0                                              ;
; Total block memory bits         ; 0                                              ;
; Total DSP Blocks                ; 0                                              ;
; Total HSSI RX PCSs              ; 0                                              ;
; Total HSSI PMA RX Deserializers ; 0                                              ;
; Total HSSI TX PCSs              ; 0                                              ;
; Total HSSI PMA TX Serializers   ; 0                                              ;
; Total PLLs                      ; 1                                              ;
; Total DLLs                      ; 0                                              ;
+---------------------------------+------------------------------------------------+


+---------------------------------------------------------------------------------------------------------------------------+
; Analysis & Synthesis Settings                                                                                             ;
+---------------------------------------------------------------------------------+--------------------+--------------------+
; Option                                                                          ; Setting            ; Default Value      ;
+---------------------------------------------------------------------------------+--------------------+--------------------+
; Device                                                                          ; 5CSEMA5F31C6       ;                    ;
; Top-level entity name                                                           ; top                ; top                ;
; Family name                                                                     ; Cyclone V          ; Cyclone V          ;
; Use smart compilation                                                           ; Off                ; Off                ;
; Enable parallel Assembler and Timing Analyzer during compilation                ; On                 ; On                 ;
; Enable compact report table                                                     ; Off                ; Off                ;
; Restructure Multiplexers                                                        ; Auto               ; Auto               ;
; MLAB Add Timing Constraints For Mixed-Port Feed-Through Mode Setting Don't Care ; Off                ; Off                ;
; Create Debugging Nodes for IP Cores                                             ; Off                ; Off                ;
; Preserve fewer node names                                                       ; On                 ; On                 ;
; Intel FPGA IP Evaluation Mode                                                   ; Enable             ; Enable             ;
; Verilog Version                                                                 ; Verilog_2001       ; Verilog_2001       ;
; VHDL Version                                                                    ; VHDL_1993          ; VHDL_1993          ;
; State Machine Processing                                                        ; Auto               ; Auto               ;
; Safe State Machine                                                              ; Off                ; Off                ;
; Extract Verilog State Machines                                                  ; On                 ; On                 ;
; Extract VHDL State Machines                                                     ; On                 ; On                 ;
; Ignore Verilog initial constructs                                               ; Off                ; Off                ;
; Iteration limit for constant Verilog loops                                      ; 5000               ; 5000               ;
; Iteration limit for non-constant Verilog loops                                  ; 250                ; 250                ;
; Add Pass-Through Logic to Inferred RAMs                                         ; On                 ; On                 ;
; Infer RAMs from Raw Logic                                                       ; On                 ; On                 ;
; Parallel Synthesis                                                              ; On                 ; On                 ;
; DSP Block Balancing                                                             ; Auto               ; Auto               ;
; NOT Gate Push-Back                                                              ; On                 ; On                 ;
; Power-Up Don't Care                                                             ; On                 ; On                 ;
; Remove Redundant Logic Cells                                                    ; Off                ; Off                ;
; Remove Duplicate Registers                                                      ; On                 ; On                 ;
; Ignore CARRY Buffers                                                            ; Off                ; Off                ;
; Ignore CASCADE Buffers                                                          ; Off                ; Off                ;
; Ignore GLOBAL Buffers                                                           ; Off                ; Off                ;
; Ignore ROW GLOBAL Buffers                                                       ; Off                ; Off                ;
; Ignore LCELL Buffers                                                            ; Off                ; Off                ;
; Ignore SOFT Buffers                                                             ; On                 ; On                 ;
; Limit AHDL Integers to 32 Bits                                                  ; Off                ; Off                ;
; Optimization Technique                                                          ; Balanced           ; Balanced           ;
; Carry Chain Length                                                              ; 70                 ; 70                 ;
; Auto Carry Chains                                                               ; On                 ; On                 ;
; Auto Open-Drain Pins                                                            ; On                 ; On                 ;
; Perform WYSIWYG Primitive Resynthesis                                           ; Off                ; Off                ;
; Auto ROM Replacement                                                            ; On                 ; On                 ;
; Auto RAM Replacement                                                            ; On                 ; On                 ;
; Auto DSP Block Replacement                                                      ; On                 ; On                 ;
; Auto Shift Register Replacement                                                 ; Auto               ; Auto               ;
; Allow Shift Register Merging across Hierarchies                                 ; Auto               ; Auto               ;
; Auto Clock Enable Replacement                                                   ; On                 ; On                 ;
; Strict RAM Replacement                                                          ; Off                ; Off                ;
; Allow Synchronous Control Signals                                               ; On                 ; On                 ;
; Force Use of Synchronous Clear Signals                                          ; Off                ; Off                ;
; Auto Resource Sharing                                                           ; Off                ; Off                ;
; Allow Any RAM Size For Recognition                                              ; Off                ; Off                ;
; Allow Any ROM Size For Recognition                                              ; Off                ; Off                ;
; Allow Any Shift Register Size For Recognition                                   ; Off                ; Off                ;
; Use LogicLock Constraints during Resource Balancing                             ; On                 ; On                 ;
; Ignore translate_off and synthesis_off directives                               ; Off                ; Off                ;
; Timing-Driven Synthesis                                                         ; On                 ; On                 ;
; Report Parameter Settings                                                       ; On                 ; On                 ;
; Report Source Assignments                                                       ; On                 ; On                 ;
; Report Connectivity Checks                                                      ; On                 ; On                 ;
; Ignore Maximum Fan-Out Assignments                                              ; Off                ; Off                ;
; Synchronization Register Chain Length                                           ; 3                  ; 3                  ;
; Power Optimization During Synthesis                                             ; Normal compilation ; Normal compilation ;
; HDL message level                                                               ; Level2             ; Level2             ;
; Suppress Register Optimization Related Messages                                 ; Off                ; Off                ;
; Number of Removed Registers Reported in Synthesis Report                        ; 5000               ; 5000               ;
; Number of Swept Nodes Reported in Synthesis Report                              ; 5000               ; 5000               ;
; Number of Inverted Registers Reported in Synthesis Report                       ; 100                ; 100                ;
; Clock MUX Protection                                                            ; On                 ; On                 ;
; Auto Gated Clock Conversion                                                     ; Off                ; Off                ;
; Block Design Naming                                                             ; Auto               ; Auto               ;
; SDC constraint protection                                                       ; Off                ; Off                ;
; Synthesis Effort                                                                ; Auto               ; Auto               ;
; Shift Register Replacement - Allow Asynchronous Clear Signal                    ; On                 ; On                 ;
; Pre-Mapping Resynthesis Optimization                                            ; Off                ; Off                ;
; Analysis & Synthesis Message Level                                              ; Medium             ; Medium             ;
; Disable Register Merging Across Hierarchies                                     ; Auto               ; Auto               ;
; Resource Aware Inference For Block RAM                                          ; On                 ; On                 ;
; Automatic Parallel Synthesis                                                    ; On                 ; On                 ;
; Partial Reconfiguration Bitstream ID                                            ; Off                ; Off                ;
+---------------------------------------------------------------------------------+--------------------+--------------------+


+------------------------------------------+
; Parallel Compilation                     ;
+----------------------------+-------------+
; Processors                 ; Number      ;
+----------------------------+-------------+
; Number detected on machine ; 16          ;
; Maximum allowed            ; 10          ;
;                            ;             ;
; Average used               ; 1.00        ;
; Maximum used               ; 10          ;
;                            ;             ;
; Usage by Processor         ; % Time Used ;
;     Processor 1            ; 100.0%      ;
;     Processors 2-10        ;   0.0%      ;
+----------------------------+-------------+


+-----------------------------------------------------------------------------------------------------------------------------------------------------------------------------------------------+
; Analysis & Synthesis Source Files Read                                                                                                                                                        ;
+----------------------------------+-----------------+------------------------------+-------------------------------------------------------------------------------------------------+---------+
; File Name with User-Entered Path ; Used in Netlist ; File Type                    ; File Name with Absolute Path                                                                    ; Library ;
+----------------------------------+-----------------+------------------------------+-------------------------------------------------------------------------------------------------+---------+
; vga_timing_generator.sv          ; yes             ; User SystemVerilog HDL File  ; A:/MS_NT_CPE/Spring_2025/Digital_Design_2/Homeworks/DD_Final_project/vga_timing_generator.sv    ;         ;
; vga_renderer.sv                  ; yes             ; User SystemVerilog HDL File  ; A:/MS_NT_CPE/Spring_2025/Digital_Design_2/Homeworks/DD_Final_project/vga_renderer.sv            ;         ;
; top.sv                           ; yes             ; User SystemVerilog HDL File  ; A:/MS_NT_CPE/Spring_2025/Digital_Design_2/Homeworks/DD_Final_project/top.sv                     ;         ;
; pll_25.v                         ; yes             ; User Wizard-Generated File   ; A:/MS_NT_CPE/Spring_2025/Digital_Design_2/Homeworks/DD_Final_project/pll_25.v                   ; pll_25  ;
; pll_25/pll_25_0002.v             ; yes             ; User Verilog HDL File        ; A:/MS_NT_CPE/Spring_2025/Digital_Design_2/Homeworks/DD_Final_project/pll_25/pll_25_0002.v       ; pll_25  ;
; input_controller.sv              ; yes             ; User SystemVerilog HDL File  ; A:/MS_NT_CPE/Spring_2025/Digital_Design_2/Homeworks/DD_Final_project/input_controller.sv        ;         ;
; grid_logic.sv                    ; yes             ; User SystemVerilog HDL File  ; A:/MS_NT_CPE/Spring_2025/Digital_Design_2/Homeworks/DD_Final_project/grid_logic.sv              ;         ;
; altera_pll.v                     ; yes             ; Megafunction                 ; c:/intelfpga_lite/23.1std/quartus/libraries/megafunctions/altera_pll.v                          ;         ;
; lpm_divide.tdf                   ; yes             ; Megafunction                 ; c:/intelfpga_lite/23.1std/quartus/libraries/megafunctions/lpm_divide.tdf                        ;         ;
; abs_divider.inc                  ; yes             ; Megafunction                 ; c:/intelfpga_lite/23.1std/quartus/libraries/megafunctions/abs_divider.inc                       ;         ;
; sign_div_unsign.inc              ; yes             ; Megafunction                 ; c:/intelfpga_lite/23.1std/quartus/libraries/megafunctions/sign_div_unsign.inc                   ;         ;
; aglobal231.inc                   ; yes             ; Megafunction                 ; c:/intelfpga_lite/23.1std/quartus/libraries/megafunctions/aglobal231.inc                        ;         ;
; db/lpm_divide_hbm.tdf            ; yes             ; Auto-Generated Megafunction  ; A:/MS_NT_CPE/Spring_2025/Digital_Design_2/Homeworks/DD_Final_project/db/lpm_divide_hbm.tdf      ;         ;
; db/sign_div_unsign_nlh.tdf       ; yes             ; Auto-Generated Megafunction  ; A:/MS_NT_CPE/Spring_2025/Digital_Design_2/Homeworks/DD_Final_project/db/sign_div_unsign_nlh.tdf ;         ;
; db/alt_u_div_kve.tdf             ; yes             ; Auto-Generated Megafunction  ; A:/MS_NT_CPE/Spring_2025/Digital_Design_2/Homeworks/DD_Final_project/db/alt_u_div_kve.tdf       ;         ;
+----------------------------------+-----------------+------------------------------+-------------------------------------------------------------------------------------------------+---------+


+-------------------------------------------------------------------------------------------------------------------------------+
; Analysis & Synthesis Resource Usage Summary                                                                                   ;
+---------------------------------------------+---------------------------------------------------------------------------------+
; Resource                                    ; Usage                                                                           ;
+---------------------------------------------+---------------------------------------------------------------------------------+
; Estimate of Logic utilization (ALMs needed) ; 193                                                                             ;
;                                             ;                                                                                 ;
; Combinational ALUT usage for logic          ; 301                                                                             ;
;     -- 7 input functions                    ; 6                                                                               ;
;     -- 6 input functions                    ; 63                                                                              ;
;     -- 5 input functions                    ; 35                                                                              ;
;     -- 4 input functions                    ; 38                                                                              ;
;     -- <=3 input functions                  ; 159                                                                             ;
;                                             ;                                                                                 ;
; Dedicated logic registers                   ; 145                                                                             ;
;                                             ;                                                                                 ;
; I/O pins                                    ; 35                                                                              ;
;                                             ;                                                                                 ;
; Total DSP Blocks                            ; 0                                                                               ;
;                                             ;                                                                                 ;
; Total PLLs                                  ; 1                                                                               ;
;     -- PLLs                                 ; 1                                                                               ;
;                                             ;                                                                                 ;
; Maximum fan-out node                        ; pll_25:vga_clock|pll_25_0002:pll_25_inst|altera_pll:altera_pll_i|outclk_wire[0] ;
; Maximum fan-out                             ; 146                                                                             ;
; Total fan-out                               ; 1726                                                                            ;
; Average fan-out                             ; 3.34                                                                            ;
+---------------------------------------------+---------------------------------------------------------------------------------+


+-----------------------------------------------------------------------------------------------------------------------------------------------------------------------------------------------------------------------------------------------------------------------------------------------------------------------+
; Analysis & Synthesis Resource Utilization by Entity                                                                                                                                                                                                                                                                   ;
+-------------------------------------------+---------------------+---------------------------+-------------------+------------+------+--------------+----------------------------------------------------------------------------------------------------------------------------+----------------------+--------------+
; Compilation Hierarchy Node                ; Combinational ALUTs ; Dedicated Logic Registers ; Block Memory Bits ; DSP Blocks ; Pins ; Virtual Pins ; Full Hierarchy Name                                                                                                        ; Entity Name          ; Library Name ;
+-------------------------------------------+---------------------+---------------------------+-------------------+------------+------+--------------+----------------------------------------------------------------------------------------------------------------------------+----------------------+--------------+
; |top                                      ; 301 (3)             ; 145 (2)                   ; 0                 ; 0          ; 35   ; 0            ; |top                                                                                                                       ; top                  ; work         ;
;    |grid_logic:grid_unit|                 ; 88 (88)             ; 84 (84)                   ; 0                 ; 0          ; 0    ; 0            ; |top|grid_logic:grid_unit                                                                                                  ; grid_logic           ; work         ;
;    |input_controller:in_ctrl|             ; 2 (2)               ; 4 (4)                     ; 0                 ; 0          ; 0    ; 0            ; |top|input_controller:in_ctrl                                                                                              ; input_controller     ; work         ;
;    |pll_25:vga_clock|                     ; 0 (0)               ; 0 (0)                     ; 0                 ; 0          ; 0    ; 0            ; |top|pll_25:vga_clock                                                                                                      ; pll_25               ; pll_25       ;
;       |pll_25_0002:pll_25_inst|           ; 0 (0)               ; 0 (0)                     ; 0                 ; 0          ; 0    ; 0            ; |top|pll_25:vga_clock|pll_25_0002:pll_25_inst                                                                              ; pll_25_0002          ; pll_25       ;
;          |altera_pll:altera_pll_i|        ; 0 (0)               ; 0 (0)                     ; 0                 ; 0          ; 0    ; 0            ; |top|pll_25:vga_clock|pll_25_0002:pll_25_inst|altera_pll:altera_pll_i                                                      ; altera_pll           ; work         ;
;    |vga_renderer:renderer|                ; 157 (37)            ; 24 (24)                   ; 0                 ; 0          ; 0    ; 0            ; |top|vga_renderer:renderer                                                                                                 ; vga_renderer         ; work         ;
;       |lpm_divide:Div0|                   ; 60 (0)              ; 0 (0)                     ; 0                 ; 0          ; 0    ; 0            ; |top|vga_renderer:renderer|lpm_divide:Div0                                                                                 ; lpm_divide           ; work         ;
;          |lpm_divide_hbm:auto_generated|  ; 60 (0)              ; 0 (0)                     ; 0                 ; 0          ; 0    ; 0            ; |top|vga_renderer:renderer|lpm_divide:Div0|lpm_divide_hbm:auto_generated                                                   ; lpm_divide_hbm       ; work         ;
;             |sign_div_unsign_nlh:divider| ; 60 (0)              ; 0 (0)                     ; 0                 ; 0          ; 0    ; 0            ; |top|vga_renderer:renderer|lpm_divide:Div0|lpm_divide_hbm:auto_generated|sign_div_unsign_nlh:divider                       ; sign_div_unsign_nlh  ; work         ;
;                |alt_u_div_kve:divider|    ; 60 (60)             ; 0 (0)                     ; 0                 ; 0          ; 0    ; 0            ; |top|vga_renderer:renderer|lpm_divide:Div0|lpm_divide_hbm:auto_generated|sign_div_unsign_nlh:divider|alt_u_div_kve:divider ; alt_u_div_kve        ; work         ;
;       |lpm_divide:Div1|                   ; 60 (0)              ; 0 (0)                     ; 0                 ; 0          ; 0    ; 0            ; |top|vga_renderer:renderer|lpm_divide:Div1                                                                                 ; lpm_divide           ; work         ;
;          |lpm_divide_hbm:auto_generated|  ; 60 (0)              ; 0 (0)                     ; 0                 ; 0          ; 0    ; 0            ; |top|vga_renderer:renderer|lpm_divide:Div1|lpm_divide_hbm:auto_generated                                                   ; lpm_divide_hbm       ; work         ;
;             |sign_div_unsign_nlh:divider| ; 60 (0)              ; 0 (0)                     ; 0                 ; 0          ; 0    ; 0            ; |top|vga_renderer:renderer|lpm_divide:Div1|lpm_divide_hbm:auto_generated|sign_div_unsign_nlh:divider                       ; sign_div_unsign_nlh  ; work         ;
;                |alt_u_div_kve:divider|    ; 60 (60)             ; 0 (0)                     ; 0                 ; 0          ; 0    ; 0            ; |top|vga_renderer:renderer|lpm_divide:Div1|lpm_divide_hbm:auto_generated|sign_div_unsign_nlh:divider|alt_u_div_kve:divider ; alt_u_div_kve        ; work         ;
;    |vga_timing_generator:timing_gen|      ; 51 (51)             ; 31 (31)                   ; 0                 ; 0          ; 0    ; 0            ; |top|vga_timing_generator:timing_gen                                                                                       ; vga_timing_generator ; work         ;
+-------------------------------------------+---------------------+---------------------------+-------------------+------------+------+--------------+----------------------------------------------------------------------------------------------------------------------------+----------------------+--------------+
Note: For table entries with two numbers listed, the numbers in parentheses indicate the number of resources of the given type used by the specific entity alone. The numbers listed outside of parentheses indicate the total resources of the given type used by the specific entity and all of its sub-entities in the hierarchy.


+---------------------------------------------------------------------------------------------------------+
; Analysis & Synthesis IP Cores Summary                                                                   ;
+--------+--------------+---------+--------------+--------------+-----------------------+-----------------+
; Vendor ; IP Core Name ; Version ; Release Date ; License Type ; Entity Instance       ; IP Include File ;
+--------+--------------+---------+--------------+--------------+-----------------------+-----------------+
; Altera ; altera_pll   ; 23.1    ; N/A          ; N/A          ; |top|pll_25:vga_clock ; pll_25.v        ;
+--------+--------------+---------+--------------+--------------+-----------------------+-----------------+


Encoding Type:  One-Hot
+------------------------------------------------------------------------------------------------------------------------+
; State Machine - |top|vga_timing_generator:timing_gen|v_state                                                           ;
+------------------------+----------------------+-----------------------+-----------------------+------------------------+
; Name                   ; v_state.V_BACK_STATE ; v_state.V_PULSE_STATE ; v_state.V_FRONT_STATE ; v_state.V_ACTIVE_STATE ;
+------------------------+----------------------+-----------------------+-----------------------+------------------------+
; v_state.V_ACTIVE_STATE ; 0                    ; 0                     ; 0                     ; 0                      ;
; v_state.V_FRONT_STATE  ; 0                    ; 0                     ; 1                     ; 1                      ;
; v_state.V_PULSE_STATE  ; 0                    ; 1                     ; 0                     ; 1                      ;
; v_state.V_BACK_STATE   ; 1                    ; 0                     ; 0                     ; 1                      ;
+------------------------+----------------------+-----------------------+-----------------------+------------------------+


Encoding Type:  One-Hot
+------------------------------------------------------------------------------------------------------------------------+
; State Machine - |top|vga_timing_generator:timing_gen|h_state                                                           ;
+------------------------+----------------------+-----------------------+-----------------------+------------------------+
; Name                   ; h_state.H_BACK_STATE ; h_state.H_PULSE_STATE ; h_state.H_FRONT_STATE ; h_state.H_ACTIVE_STATE ;
+------------------------+----------------------+-----------------------+-----------------------+------------------------+
; h_state.H_ACTIVE_STATE ; 0                    ; 0                     ; 0                     ; 0                      ;
; h_state.H_FRONT_STATE  ; 0                    ; 0                     ; 1                     ; 1                      ;
; h_state.H_PULSE_STATE  ; 0                    ; 1                     ; 0                     ; 1                      ;
; h_state.H_BACK_STATE   ; 1                    ; 0                     ; 0                     ; 1                      ;
+------------------------+----------------------+-----------------------+-----------------------+------------------------+


+-----------------------------------------------------------------+
; Registers Removed During Synthesis                              ;
+--------------------------------------------+--------------------+
; Register name                              ; Reason for Removal ;
+--------------------------------------------+--------------------+
; vga_timing_generator:timing_gen|v_state~8  ; Lost fanout        ;
; vga_timing_generator:timing_gen|v_state~9  ; Lost fanout        ;
; vga_timing_generator:timing_gen|v_state~10 ; Lost fanout        ;
; vga_timing_generator:timing_gen|h_state~8  ; Lost fanout        ;
; vga_timing_generator:timing_gen|h_state~9  ; Lost fanout        ;
; vga_timing_generator:timing_gen|h_state~10 ; Lost fanout        ;
; Total Number of Removed Registers = 6      ;                    ;
+--------------------------------------------+--------------------+


+------------------------------------------------------+
; General Register Statistics                          ;
+----------------------------------------------+-------+
; Statistic                                    ; Value ;
+----------------------------------------------+-------+
; Total registers                              ; 145   ;
; Number of registers using Synchronous Clear  ; 20    ;
; Number of registers using Synchronous Load   ; 0     ;
; Number of registers using Asynchronous Clear ; 119   ;
; Number of registers using Asynchronous Load  ; 0     ;
; Number of registers using Clock Enable       ; 99    ;
; Number of registers using Preset             ; 0     ;
+----------------------------------------------+-------+


+-----------------------------------------------------+
; Inverted Register Statistics                        ;
+-------------------------------------------+---------+
; Inverted Register                         ; Fan out ;
+-------------------------------------------+---------+
; vga_timing_generator:timing_gen|hsync_reg ; 2       ;
; vga_timing_generator:timing_gen|vsync_reg ; 2       ;
; input_controller:in_ctrl|drop_sync_2      ; 1       ;
; input_controller:in_ctrl|drop_sync_1      ; 2       ;
; input_controller:in_ctrl|drop_sync_0      ; 1       ;
; Total number of inverted registers = 5    ;         ;
+-------------------------------------------+---------+


+-----------------------------------------------------------------------------------------------------------------------------------------------------------------+
; Multiplexer Restructuring Statistics (Restructuring Performed)                                                                                                  ;
+--------------------+-----------+---------------+----------------------+------------------------+------------+---------------------------------------------------+
; Multiplexer Inputs ; Bus Width ; Baseline Area ; Area if Restructured ; Saving if Restructured ; Registered ; Example Multiplexer Output                        ;
+--------------------+-----------+---------------+----------------------+------------------------+------------+---------------------------------------------------+
; 3:1                ; 10 bits   ; 20 LEs        ; 0 LEs                ; 20 LEs                 ; Yes        ; |top|vga_timing_generator:timing_gen|v_counter[4] ;
; 3:1                ; 10 bits   ; 20 LEs        ; 0 LEs                ; 20 LEs                 ; Yes        ; |top|vga_timing_generator:timing_gen|h_counter[4] ;
; 8:1                ; 12 bits   ; 60 LEs        ; 60 LEs               ; 0 LEs                  ; No         ; |top|grid_logic:grid_unit|Mux1                    ;
; 8:1                ; 4 bits    ; 20 LEs        ; 12 LEs               ; 8 LEs                  ; No         ; |top|vga_timing_generator:timing_gen|Selector13   ;
; 9:1                ; 4 bits    ; 24 LEs        ; 12 LEs               ; 12 LEs                 ; No         ; |top|vga_timing_generator:timing_gen|v_state      ;
; 51:1               ; 2 bits    ; 68 LEs        ; 66 LEs               ; 2 LEs                  ; No         ; |top|vga_renderer:renderer|cell_value[1]          ;
+--------------------+-----------+---------------+----------------------+------------------------+------------+---------------------------------------------------+


+---------------------------------------------------------------------------------------------------------------+
; Parameter Settings for User Entity Instance: pll_25:vga_clock|pll_25_0002:pll_25_inst|altera_pll:altera_pll_i ;
+--------------------------------------+------------------------+-----------------------------------------------+
; Parameter Name                       ; Value                  ; Type                                          ;
+--------------------------------------+------------------------+-----------------------------------------------+
; reference_clock_frequency            ; 50.0 MHz               ; String                                        ;
; fractional_vco_multiplier            ; false                  ; String                                        ;
; pll_type                             ; General                ; String                                        ;
; pll_subtype                          ; General                ; String                                        ;
; number_of_clocks                     ; 1                      ; Signed Integer                                ;
; operation_mode                       ; direct                 ; String                                        ;
; deserialization_factor               ; 4                      ; Signed Integer                                ;
; data_rate                            ; 0                      ; Signed Integer                                ;
; sim_additional_refclk_cycles_to_lock ; 0                      ; Signed Integer                                ;
; output_clock_frequency0              ; 25.175644 MHz          ; String                                        ;
; phase_shift0                         ; 0 ps                   ; String                                        ;
; duty_cycle0                          ; 50                     ; Signed Integer                                ;
; output_clock_frequency1              ; 0 MHz                  ; String                                        ;
; phase_shift1                         ; 0 ps                   ; String                                        ;
; duty_cycle1                          ; 50                     ; Signed Integer                                ;
; output_clock_frequency2              ; 0 MHz                  ; String                                        ;
; phase_shift2                         ; 0 ps                   ; String                                        ;
; duty_cycle2                          ; 50                     ; Signed Integer                                ;
; output_clock_frequency3              ; 0 MHz                  ; String                                        ;
; phase_shift3                         ; 0 ps                   ; String                                        ;
; duty_cycle3                          ; 50                     ; Signed Integer                                ;
; output_clock_frequency4              ; 0 MHz                  ; String                                        ;
; phase_shift4                         ; 0 ps                   ; String                                        ;
; duty_cycle4                          ; 50                     ; Signed Integer                                ;
; output_clock_frequency5              ; 0 MHz                  ; String                                        ;
; phase_shift5                         ; 0 ps                   ; String                                        ;
; duty_cycle5                          ; 50                     ; Signed Integer                                ;
; output_clock_frequency6              ; 0 MHz                  ; String                                        ;
; phase_shift6                         ; 0 ps                   ; String                                        ;
; duty_cycle6                          ; 50                     ; Signed Integer                                ;
; output_clock_frequency7              ; 0 MHz                  ; String                                        ;
; phase_shift7                         ; 0 ps                   ; String                                        ;
; duty_cycle7                          ; 50                     ; Signed Integer                                ;
; output_clock_frequency8              ; 0 MHz                  ; String                                        ;
; phase_shift8                         ; 0 ps                   ; String                                        ;
; duty_cycle8                          ; 50                     ; Signed Integer                                ;
; output_clock_frequency9              ; 0 MHz                  ; String                                        ;
; phase_shift9                         ; 0 ps                   ; String                                        ;
; duty_cycle9                          ; 50                     ; Signed Integer                                ;
; output_clock_frequency10             ; 0 MHz                  ; String                                        ;
; phase_shift10                        ; 0 ps                   ; String                                        ;
; duty_cycle10                         ; 50                     ; Signed Integer                                ;
; output_clock_frequency11             ; 0 MHz                  ; String                                        ;
; phase_shift11                        ; 0 ps                   ; String                                        ;
; duty_cycle11                         ; 50                     ; Signed Integer                                ;
; output_clock_frequency12             ; 0 MHz                  ; String                                        ;
; phase_shift12                        ; 0 ps                   ; String                                        ;
; duty_cycle12                         ; 50                     ; Signed Integer                                ;
; output_clock_frequency13             ; 0 MHz                  ; String                                        ;
; phase_shift13                        ; 0 ps                   ; String                                        ;
; duty_cycle13                         ; 50                     ; Signed Integer                                ;
; output_clock_frequency14             ; 0 MHz                  ; String                                        ;
; phase_shift14                        ; 0 ps                   ; String                                        ;
; duty_cycle14                         ; 50                     ; Signed Integer                                ;
; output_clock_frequency15             ; 0 MHz                  ; String                                        ;
; phase_shift15                        ; 0 ps                   ; String                                        ;
; duty_cycle15                         ; 50                     ; Signed Integer                                ;
; output_clock_frequency16             ; 0 MHz                  ; String                                        ;
; phase_shift16                        ; 0 ps                   ; String                                        ;
; duty_cycle16                         ; 50                     ; Signed Integer                                ;
; output_clock_frequency17             ; 0 MHz                  ; String                                        ;
; phase_shift17                        ; 0 ps                   ; String                                        ;
; duty_cycle17                         ; 50                     ; Signed Integer                                ;
; clock_name_0                         ;                        ; String                                        ;
; clock_name_1                         ;                        ; String                                        ;
; clock_name_2                         ;                        ; String                                        ;
; clock_name_3                         ;                        ; String                                        ;
; clock_name_4                         ;                        ; String                                        ;
; clock_name_5                         ;                        ; String                                        ;
; clock_name_6                         ;                        ; String                                        ;
; clock_name_7                         ;                        ; String                                        ;
; clock_name_8                         ;                        ; String                                        ;
; clock_name_global_0                  ; false                  ; String                                        ;
; clock_name_global_1                  ; false                  ; String                                        ;
; clock_name_global_2                  ; false                  ; String                                        ;
; clock_name_global_3                  ; false                  ; String                                        ;
; clock_name_global_4                  ; false                  ; String                                        ;
; clock_name_global_5                  ; false                  ; String                                        ;
; clock_name_global_6                  ; false                  ; String                                        ;
; clock_name_global_7                  ; false                  ; String                                        ;
; clock_name_global_8                  ; false                  ; String                                        ;
; m_cnt_hi_div                         ; 1                      ; Signed Integer                                ;
; m_cnt_lo_div                         ; 1                      ; Signed Integer                                ;
; m_cnt_bypass_en                      ; false                  ; String                                        ;
; m_cnt_odd_div_duty_en                ; false                  ; String                                        ;
; n_cnt_hi_div                         ; 1                      ; Signed Integer                                ;
; n_cnt_lo_div                         ; 1                      ; Signed Integer                                ;
; n_cnt_bypass_en                      ; false                  ; String                                        ;
; n_cnt_odd_div_duty_en                ; false                  ; String                                        ;
; c_cnt_hi_div0                        ; 1                      ; Signed Integer                                ;
; c_cnt_lo_div0                        ; 1                      ; Signed Integer                                ;
; c_cnt_bypass_en0                     ; false                  ; String                                        ;
; c_cnt_in_src0                        ; ph_mux_clk             ; String                                        ;
; c_cnt_odd_div_duty_en0               ; false                  ; String                                        ;
; c_cnt_prst0                          ; 1                      ; Signed Integer                                ;
; c_cnt_ph_mux_prst0                   ; 0                      ; Signed Integer                                ;
; c_cnt_hi_div1                        ; 1                      ; Signed Integer                                ;
; c_cnt_lo_div1                        ; 1                      ; Signed Integer                                ;
; c_cnt_bypass_en1                     ; false                  ; String                                        ;
; c_cnt_in_src1                        ; ph_mux_clk             ; String                                        ;
; c_cnt_odd_div_duty_en1               ; false                  ; String                                        ;
; c_cnt_prst1                          ; 1                      ; Signed Integer                                ;
; c_cnt_ph_mux_prst1                   ; 0                      ; Signed Integer                                ;
; c_cnt_hi_div2                        ; 1                      ; Signed Integer                                ;
; c_cnt_lo_div2                        ; 1                      ; Signed Integer                                ;
; c_cnt_bypass_en2                     ; false                  ; String                                        ;
; c_cnt_in_src2                        ; ph_mux_clk             ; String                                        ;
; c_cnt_odd_div_duty_en2               ; false                  ; String                                        ;
; c_cnt_prst2                          ; 1                      ; Signed Integer                                ;
; c_cnt_ph_mux_prst2                   ; 0                      ; Signed Integer                                ;
; c_cnt_hi_div3                        ; 1                      ; Signed Integer                                ;
; c_cnt_lo_div3                        ; 1                      ; Signed Integer                                ;
; c_cnt_bypass_en3                     ; false                  ; String                                        ;
; c_cnt_in_src3                        ; ph_mux_clk             ; String                                        ;
; c_cnt_odd_div_duty_en3               ; false                  ; String                                        ;
; c_cnt_prst3                          ; 1                      ; Signed Integer                                ;
; c_cnt_ph_mux_prst3                   ; 0                      ; Signed Integer                                ;
; c_cnt_hi_div4                        ; 1                      ; Signed Integer                                ;
; c_cnt_lo_div4                        ; 1                      ; Signed Integer                                ;
; c_cnt_bypass_en4                     ; false                  ; String                                        ;
; c_cnt_in_src4                        ; ph_mux_clk             ; String                                        ;
; c_cnt_odd_div_duty_en4               ; false                  ; String                                        ;
; c_cnt_prst4                          ; 1                      ; Signed Integer                                ;
; c_cnt_ph_mux_prst4                   ; 0                      ; Signed Integer                                ;
; c_cnt_hi_div5                        ; 1                      ; Signed Integer                                ;
; c_cnt_lo_div5                        ; 1                      ; Signed Integer                                ;
; c_cnt_bypass_en5                     ; false                  ; String                                        ;
; c_cnt_in_src5                        ; ph_mux_clk             ; String                                        ;
; c_cnt_odd_div_duty_en5               ; false                  ; String                                        ;
; c_cnt_prst5                          ; 1                      ; Signed Integer                                ;
; c_cnt_ph_mux_prst5                   ; 0                      ; Signed Integer                                ;
; c_cnt_hi_div6                        ; 1                      ; Signed Integer                                ;
; c_cnt_lo_div6                        ; 1                      ; Signed Integer                                ;
; c_cnt_bypass_en6                     ; false                  ; String                                        ;
; c_cnt_in_src6                        ; ph_mux_clk             ; String                                        ;
; c_cnt_odd_div_duty_en6               ; false                  ; String                                        ;
; c_cnt_prst6                          ; 1                      ; Signed Integer                                ;
; c_cnt_ph_mux_prst6                   ; 0                      ; Signed Integer                                ;
; c_cnt_hi_div7                        ; 1                      ; Signed Integer                                ;
; c_cnt_lo_div7                        ; 1                      ; Signed Integer                                ;
; c_cnt_bypass_en7                     ; false                  ; String                                        ;
; c_cnt_in_src7                        ; ph_mux_clk             ; String                                        ;
; c_cnt_odd_div_duty_en7               ; false                  ; String                                        ;
; c_cnt_prst7                          ; 1                      ; Signed Integer                                ;
; c_cnt_ph_mux_prst7                   ; 0                      ; Signed Integer                                ;
; c_cnt_hi_div8                        ; 1                      ; Signed Integer                                ;
; c_cnt_lo_div8                        ; 1                      ; Signed Integer                                ;
; c_cnt_bypass_en8                     ; false                  ; String                                        ;
; c_cnt_in_src8                        ; ph_mux_clk             ; String                                        ;
; c_cnt_odd_div_duty_en8               ; false                  ; String                                        ;
; c_cnt_prst8                          ; 1                      ; Signed Integer                                ;
; c_cnt_ph_mux_prst8                   ; 0                      ; Signed Integer                                ;
; c_cnt_hi_div9                        ; 1                      ; Signed Integer                                ;
; c_cnt_lo_div9                        ; 1                      ; Signed Integer                                ;
; c_cnt_bypass_en9                     ; false                  ; String                                        ;
; c_cnt_in_src9                        ; ph_mux_clk             ; String                                        ;
; c_cnt_odd_div_duty_en9               ; false                  ; String                                        ;
; c_cnt_prst9                          ; 1                      ; Signed Integer                                ;
; c_cnt_ph_mux_prst9                   ; 0                      ; Signed Integer                                ;
; c_cnt_hi_div10                       ; 1                      ; Signed Integer                                ;
; c_cnt_lo_div10                       ; 1                      ; Signed Integer                                ;
; c_cnt_bypass_en10                    ; false                  ; String                                        ;
; c_cnt_in_src10                       ; ph_mux_clk             ; String                                        ;
; c_cnt_odd_div_duty_en10              ; false                  ; String                                        ;
; c_cnt_prst10                         ; 1                      ; Signed Integer                                ;
; c_cnt_ph_mux_prst10                  ; 0                      ; Signed Integer                                ;
; c_cnt_hi_div11                       ; 1                      ; Signed Integer                                ;
; c_cnt_lo_div11                       ; 1                      ; Signed Integer                                ;
; c_cnt_bypass_en11                    ; false                  ; String                                        ;
; c_cnt_in_src11                       ; ph_mux_clk             ; String                                        ;
; c_cnt_odd_div_duty_en11              ; false                  ; String                                        ;
; c_cnt_prst11                         ; 1                      ; Signed Integer                                ;
; c_cnt_ph_mux_prst11                  ; 0                      ; Signed Integer                                ;
; c_cnt_hi_div12                       ; 1                      ; Signed Integer                                ;
; c_cnt_lo_div12                       ; 1                      ; Signed Integer                                ;
; c_cnt_bypass_en12                    ; false                  ; String                                        ;
; c_cnt_in_src12                       ; ph_mux_clk             ; String                                        ;
; c_cnt_odd_div_duty_en12              ; false                  ; String                                        ;
; c_cnt_prst12                         ; 1                      ; Signed Integer                                ;
; c_cnt_ph_mux_prst12                  ; 0                      ; Signed Integer                                ;
; c_cnt_hi_div13                       ; 1                      ; Signed Integer                                ;
; c_cnt_lo_div13                       ; 1                      ; Signed Integer                                ;
; c_cnt_bypass_en13                    ; false                  ; String                                        ;
; c_cnt_in_src13                       ; ph_mux_clk             ; String                                        ;
; c_cnt_odd_div_duty_en13              ; false                  ; String                                        ;
; c_cnt_prst13                         ; 1                      ; Signed Integer                                ;
; c_cnt_ph_mux_prst13                  ; 0                      ; Signed Integer                                ;
; c_cnt_hi_div14                       ; 1                      ; Signed Integer                                ;
; c_cnt_lo_div14                       ; 1                      ; Signed Integer                                ;
; c_cnt_bypass_en14                    ; false                  ; String                                        ;
; c_cnt_in_src14                       ; ph_mux_clk             ; String                                        ;
; c_cnt_odd_div_duty_en14              ; false                  ; String                                        ;
; c_cnt_prst14                         ; 1                      ; Signed Integer                                ;
; c_cnt_ph_mux_prst14                  ; 0                      ; Signed Integer                                ;
; c_cnt_hi_div15                       ; 1                      ; Signed Integer                                ;
; c_cnt_lo_div15                       ; 1                      ; Signed Integer                                ;
; c_cnt_bypass_en15                    ; false                  ; String                                        ;
; c_cnt_in_src15                       ; ph_mux_clk             ; String                                        ;
; c_cnt_odd_div_duty_en15              ; false                  ; String                                        ;
; c_cnt_prst15                         ; 1                      ; Signed Integer                                ;
; c_cnt_ph_mux_prst15                  ; 0                      ; Signed Integer                                ;
; c_cnt_hi_div16                       ; 1                      ; Signed Integer                                ;
; c_cnt_lo_div16                       ; 1                      ; Signed Integer                                ;
; c_cnt_bypass_en16                    ; false                  ; String                                        ;
; c_cnt_in_src16                       ; ph_mux_clk             ; String                                        ;
; c_cnt_odd_div_duty_en16              ; false                  ; String                                        ;
; c_cnt_prst16                         ; 1                      ; Signed Integer                                ;
; c_cnt_ph_mux_prst16                  ; 0                      ; Signed Integer                                ;
; c_cnt_hi_div17                       ; 1                      ; Signed Integer                                ;
; c_cnt_lo_div17                       ; 1                      ; Signed Integer                                ;
; c_cnt_bypass_en17                    ; false                  ; String                                        ;
; c_cnt_in_src17                       ; ph_mux_clk             ; String                                        ;
; c_cnt_odd_div_duty_en17              ; false                  ; String                                        ;
; c_cnt_prst17                         ; 1                      ; Signed Integer                                ;
; c_cnt_ph_mux_prst17                  ; 0                      ; Signed Integer                                ;
; pll_vco_div                          ; 1                      ; Signed Integer                                ;
; pll_slf_rst                          ; false                  ; String                                        ;
; pll_bw_sel                           ; low                    ; String                                        ;
; pll_output_clk_frequency             ; 0 MHz                  ; String                                        ;
; pll_cp_current                       ; 0                      ; Signed Integer                                ;
; pll_bwctrl                           ; 0                      ; Signed Integer                                ;
; pll_fractional_division              ; 1                      ; Signed Integer                                ;
; pll_fractional_cout                  ; 24                     ; Signed Integer                                ;
; pll_dsm_out_sel                      ; 1st_order              ; String                                        ;
; mimic_fbclk_type                     ; gclk                   ; String                                        ;
; pll_fbclk_mux_1                      ; glb                    ; String                                        ;
; pll_fbclk_mux_2                      ; fb_1                   ; String                                        ;
; pll_m_cnt_in_src                     ; ph_mux_clk             ; String                                        ;
; pll_vcoph_div                        ; 1                      ; Signed Integer                                ;
; refclk1_frequency                    ; 0 MHz                  ; String                                        ;
; pll_clkin_0_src                      ; clk_0                  ; String                                        ;
; pll_clkin_1_src                      ; clk_0                  ; String                                        ;
; pll_clk_loss_sw_en                   ; false                  ; String                                        ;
; pll_auto_clk_sw_en                   ; false                  ; String                                        ;
; pll_manu_clk_sw_en                   ; false                  ; String                                        ;
; pll_clk_sw_dly                       ; 0                      ; Signed Integer                                ;
; pll_extclk_0_cnt_src                 ; pll_extclk_cnt_src_vss ; String                                        ;
; pll_extclk_1_cnt_src                 ; pll_extclk_cnt_src_vss ; String                                        ;
+--------------------------------------+------------------------+-----------------------------------------------+
Note: In order to hide this table in the UI and the text report file, please set the "Show Parameter Settings in Synthesis Report" option in "Analysis and Synthesis Settings -> More Settings" to "Off".


+--------------------------------------------------------------------+
; Parameter Settings for User Entity Instance: vga_renderer:renderer ;
+----------------+-------+-------------------------------------------+
; Parameter Name ; Value ; Type                                      ;
+----------------+-------+-------------------------------------------+
; CELL_SIZE      ; 80    ; Signed Integer                            ;
+----------------+-------+-------------------------------------------+
Note: In order to hide this table in the UI and the text report file, please set the "Show Parameter Settings in Synthesis Report" option in "Analysis and Synthesis Settings -> More Settings" to "Off".


+----------------------------------------------------------------------------------------+
; Parameter Settings for Inferred Entity Instance: vga_renderer:renderer|lpm_divide:Div1 ;
+------------------------+----------------+----------------------------------------------+
; Parameter Name         ; Value          ; Type                                         ;
+------------------------+----------------+----------------------------------------------+
; LPM_WIDTHN             ; 10             ; Untyped                                      ;
; LPM_WIDTHD             ; 7              ; Untyped                                      ;
; LPM_NREPRESENTATION    ; UNSIGNED       ; Untyped                                      ;
; LPM_DREPRESENTATION    ; UNSIGNED       ; Untyped                                      ;
; LPM_PIPELINE           ; 0              ; Untyped                                      ;
; LPM_REMAINDERPOSITIVE  ; TRUE           ; Untyped                                      ;
; MAXIMIZE_SPEED         ; 5              ; Untyped                                      ;
; CBXI_PARAMETER         ; lpm_divide_hbm ; Untyped                                      ;
; CARRY_CHAIN            ; MANUAL         ; Untyped                                      ;
; OPTIMIZE_FOR_SPEED     ; 5              ; Untyped                                      ;
; AUTO_CARRY_CHAINS      ; ON             ; AUTO_CARRY                                   ;
; IGNORE_CARRY_BUFFERS   ; OFF            ; IGNORE_CARRY                                 ;
; AUTO_CASCADE_CHAINS    ; ON             ; AUTO_CASCADE                                 ;
; IGNORE_CASCADE_BUFFERS ; OFF            ; IGNORE_CASCADE                               ;
+------------------------+----------------+----------------------------------------------+
Note: In order to hide this table in the UI and the text report file, please set the "Show Parameter Settings in Synthesis Report" option in "Analysis and Synthesis Settings -> More Settings" to "Off".


+----------------------------------------------------------------------------------------+
; Parameter Settings for Inferred Entity Instance: vga_renderer:renderer|lpm_divide:Div0 ;
+------------------------+----------------+----------------------------------------------+
; Parameter Name         ; Value          ; Type                                         ;
+------------------------+----------------+----------------------------------------------+
; LPM_WIDTHN             ; 10             ; Untyped                                      ;
; LPM_WIDTHD             ; 7              ; Untyped                                      ;
; LPM_NREPRESENTATION    ; UNSIGNED       ; Untyped                                      ;
; LPM_DREPRESENTATION    ; UNSIGNED       ; Untyped                                      ;
; LPM_PIPELINE           ; 0              ; Untyped                                      ;
; LPM_REMAINDERPOSITIVE  ; TRUE           ; Untyped                                      ;
; MAXIMIZE_SPEED         ; 5              ; Untyped                                      ;
; CBXI_PARAMETER         ; lpm_divide_hbm ; Untyped                                      ;
; CARRY_CHAIN            ; MANUAL         ; Untyped                                      ;
; OPTIMIZE_FOR_SPEED     ; 5              ; Untyped                                      ;
; AUTO_CARRY_CHAINS      ; ON             ; AUTO_CARRY                                   ;
; IGNORE_CARRY_BUFFERS   ; OFF            ; IGNORE_CARRY                                 ;
; AUTO_CASCADE_CHAINS    ; ON             ; AUTO_CASCADE                                 ;
; IGNORE_CASCADE_BUFFERS ; OFF            ; IGNORE_CASCADE                               ;
+------------------------+----------------+----------------------------------------------+
Note: In order to hide this table in the UI and the text report file, please set the "Show Parameter Settings in Synthesis Report" option in "Analysis and Synthesis Settings -> More Settings" to "Off".


+-----------------------------------------------------+
; Post-Synthesis Netlist Statistics for Top Partition ;
+-----------------------+-----------------------------+
; Type                  ; Count                       ;
+-----------------------+-----------------------------+
; arriav_ff             ; 145                         ;
;     CLR               ; 12                          ;
;     CLR SCLR          ; 10                          ;
;     ENA               ; 2                           ;
;     ENA CLR           ; 87                          ;
;     ENA CLR SCLR      ; 10                          ;
;     plain             ; 24                          ;
; arriav_lcell_comb     ; 303                         ;
;     arith             ; 80                          ;
;         0 data inputs ; 12                          ;
;         1 data inputs ; 26                          ;
;         2 data inputs ; 6                           ;
;         3 data inputs ; 24                          ;
;         4 data inputs ; 12                          ;
;     extend            ; 6                           ;
;         7 data inputs ; 6                           ;
;     normal            ; 201                         ;
;         1 data inputs ; 5                           ;
;         2 data inputs ; 43                          ;
;         3 data inputs ; 29                          ;
;         4 data inputs ; 26                          ;
;         5 data inputs ; 35                          ;
;         6 data inputs ; 63                          ;
;     shared            ; 16                          ;
;         0 data inputs ; 2                           ;
;         1 data inputs ; 14                          ;
; boundary_port         ; 35                          ;
; generic_pll           ; 1                           ;
;                       ;                             ;
; Max LUT depth         ; 11.70                       ;
; Average LUT depth     ; 6.22                        ;
+-----------------------+-----------------------------+


+-------------------------------+
; Elapsed Time Per Partition    ;
+----------------+--------------+
; Partition Name ; Elapsed Time ;
+----------------+--------------+
; Top            ; 00:00:00     ;
+----------------+--------------+


+-------------------------------+
; Analysis & Synthesis Messages ;
+-------------------------------+
Info: *******************************************************************
Info: Running Quartus Prime Analysis & Synthesis
    Info: Version 23.1std.0 Build 991 11/28/2023 SC Lite Edition
    Info: Processing started: Thu Apr 24 20:51:21 2025
Info: Command: quartus_map --read_settings_files=on --write_settings_files=off connect_4 -c top
Warning (18236): Number of processors has not been specified which may cause overloading on shared machines.  Set the global assignment NUM_PARALLEL_PROCESSORS in your QSF to an appropriate value for best performance.
Info (20030): Parallel compilation is enabled and will use 10 of the 10 processors detected
Info (12021): Found 1 design units, including 1 entities, in source file vga_timing_generator.sv
    Info (12023): Found entity 1: vga_timing_generator File: A:/MS_NT_CPE/Spring_2025/Digital_Design_2/Homeworks/DD_Final_project/vga_timing_generator.sv Line: 1
Info (12021): Found 1 design units, including 1 entities, in source file vga_renderer.sv
    Info (12023): Found entity 1: vga_renderer File: A:/MS_NT_CPE/Spring_2025/Digital_Design_2/Homeworks/DD_Final_project/vga_renderer.sv Line: 1
Info (12021): Found 1 design units, including 1 entities, in source file top.sv
    Info (12023): Found entity 1: top File: A:/MS_NT_CPE/Spring_2025/Digital_Design_2/Homeworks/DD_Final_project/top.sv Line: 1
Info (12021): Found 1 design units, including 1 entities, in source file pll_25.v
    Info (12023): Found entity 1: pll_25 File: A:/MS_NT_CPE/Spring_2025/Digital_Design_2/Homeworks/DD_Final_project/pll_25.v Line: 8
Info (12021): Found 1 design units, including 1 entities, in source file pll_25/pll_25_0002.v
    Info (12023): Found entity 1: pll_25_0002 File: A:/MS_NT_CPE/Spring_2025/Digital_Design_2/Homeworks/DD_Final_project/pll_25/pll_25_0002.v Line: 2
Info (12021): Found 1 design units, including 1 entities, in source file top_tb.sv
    Info (12023): Found entity 1: top_tb File: A:/MS_NT_CPE/Spring_2025/Digital_Design_2/Homeworks/DD_Final_project/top_tb.sv Line: 3
Info (12021): Found 1 design units, including 1 entities, in source file input_controller.sv
    Info (12023): Found entity 1: input_controller File: A:/MS_NT_CPE/Spring_2025/Digital_Design_2/Homeworks/DD_Final_project/input_controller.sv Line: 1
Info (12021): Found 1 design units, including 1 entities, in source file grid_logic.sv
    Info (12023): Found entity 1: grid_logic File: A:/MS_NT_CPE/Spring_2025/Digital_Design_2/Homeworks/DD_Final_project/grid_logic.sv Line: 1
Info (12127): Elaborating entity "top" for the top level hierarchy
Info (10008): Verilog HDL or VHDL information: EDA Netlist Writer cannot regroup multidimensional array "grid_output" into its bus
Info (12128): Elaborating entity "pll_25" for hierarchy "pll_25:vga_clock" File: A:/MS_NT_CPE/Spring_2025/Digital_Design_2/Homeworks/DD_Final_project/top.sv Line: 24
Info (12128): Elaborating entity "pll_25_0002" for hierarchy "pll_25:vga_clock|pll_25_0002:pll_25_inst" File: A:/MS_NT_CPE/Spring_2025/Digital_Design_2/Homeworks/DD_Final_project/pll_25.v Line: 19
Info (12128): Elaborating entity "altera_pll" for hierarchy "pll_25:vga_clock|pll_25_0002:pll_25_inst|altera_pll:altera_pll_i" File: A:/MS_NT_CPE/Spring_2025/Digital_Design_2/Homeworks/DD_Final_project/pll_25/pll_25_0002.v Line: 85
Info (10008): Verilog HDL or VHDL information: EDA Netlist Writer cannot regroup multidimensional array "wire_to_nowhere_64" into its bus
Info (12130): Elaborated megafunction instantiation "pll_25:vga_clock|pll_25_0002:pll_25_inst|altera_pll:altera_pll_i" File: A:/MS_NT_CPE/Spring_2025/Digital_Design_2/Homeworks/DD_Final_project/pll_25/pll_25_0002.v Line: 85
Info (12133): Instantiated megafunction "pll_25:vga_clock|pll_25_0002:pll_25_inst|altera_pll:altera_pll_i" with the following parameter: File: A:/MS_NT_CPE/Spring_2025/Digital_Design_2/Homeworks/DD_Final_project/pll_25/pll_25_0002.v Line: 85
    Info (12134): Parameter "fractional_vco_multiplier" = "false"
    Info (12134): Parameter "reference_clock_frequency" = "50.0 MHz"
    Info (12134): Parameter "operation_mode" = "direct"
    Info (12134): Parameter "number_of_clocks" = "1"
    Info (12134): Parameter "output_clock_frequency0" = "25.175644 MHz"
    Info (12134): Parameter "phase_shift0" = "0 ps"
    Info (12134): Parameter "duty_cycle0" = "50"
    Info (12134): Parameter "output_clock_frequency1" = "0 MHz"
    Info (12134): Parameter "phase_shift1" = "0 ps"
    Info (12134): Parameter "duty_cycle1" = "50"
    Info (12134): Parameter "output_clock_frequency2" = "0 MHz"
    Info (12134): Parameter "phase_shift2" = "0 ps"
    Info (12134): Parameter "duty_cycle2" = "50"
    Info (12134): Parameter "output_clock_frequency3" = "0 MHz"
    Info (12134): Parameter "phase_shift3" = "0 ps"
    Info (12134): Parameter "duty_cycle3" = "50"
    Info (12134): Parameter "output_clock_frequency4" = "0 MHz"
    Info (12134): Parameter "phase_shift4" = "0 ps"
    Info (12134): Parameter "duty_cycle4" = "50"
    Info (12134): Parameter "output_clock_frequency5" = "0 MHz"
    Info (12134): Parameter "phase_shift5" = "0 ps"
    Info (12134): Parameter "duty_cycle5" = "50"
    Info (12134): Parameter "output_clock_frequency6" = "0 MHz"
    Info (12134): Parameter "phase_shift6" = "0 ps"
    Info (12134): Parameter "duty_cycle6" = "50"
    Info (12134): Parameter "output_clock_frequency7" = "0 MHz"
    Info (12134): Parameter "phase_shift7" = "0 ps"
    Info (12134): Parameter "duty_cycle7" = "50"
    Info (12134): Parameter "output_clock_frequency8" = "0 MHz"
    Info (12134): Parameter "phase_shift8" = "0 ps"
    Info (12134): Parameter "duty_cycle8" = "50"
    Info (12134): Parameter "output_clock_frequency9" = "0 MHz"
    Info (12134): Parameter "phase_shift9" = "0 ps"
    Info (12134): Parameter "duty_cycle9" = "50"
    Info (12134): Parameter "output_clock_frequency10" = "0 MHz"
    Info (12134): Parameter "phase_shift10" = "0 ps"
    Info (12134): Parameter "duty_cycle10" = "50"
    Info (12134): Parameter "output_clock_frequency11" = "0 MHz"
    Info (12134): Parameter "phase_shift11" = "0 ps"
    Info (12134): Parameter "duty_cycle11" = "50"
    Info (12134): Parameter "output_clock_frequency12" = "0 MHz"
    Info (12134): Parameter "phase_shift12" = "0 ps"
    Info (12134): Parameter "duty_cycle12" = "50"
    Info (12134): Parameter "output_clock_frequency13" = "0 MHz"
    Info (12134): Parameter "phase_shift13" = "0 ps"
    Info (12134): Parameter "duty_cycle13" = "50"
    Info (12134): Parameter "output_clock_frequency14" = "0 MHz"
    Info (12134): Parameter "phase_shift14" = "0 ps"
    Info (12134): Parameter "duty_cycle14" = "50"
    Info (12134): Parameter "output_clock_frequency15" = "0 MHz"
    Info (12134): Parameter "phase_shift15" = "0 ps"
    Info (12134): Parameter "duty_cycle15" = "50"
    Info (12134): Parameter "output_clock_frequency16" = "0 MHz"
    Info (12134): Parameter "phase_shift16" = "0 ps"
    Info (12134): Parameter "duty_cycle16" = "50"
    Info (12134): Parameter "output_clock_frequency17" = "0 MHz"
    Info (12134): Parameter "phase_shift17" = "0 ps"
    Info (12134): Parameter "duty_cycle17" = "50"
    Info (12134): Parameter "pll_type" = "General"
    Info (12134): Parameter "pll_subtype" = "General"
Info (12128): Elaborating entity "vga_timing_generator" for hierarchy "vga_timing_generator:timing_gen" File: A:/MS_NT_CPE/Spring_2025/Digital_Design_2/Homeworks/DD_Final_project/top.sv Line: 37
Warning (10230): Verilog HDL assignment warning at vga_timing_generator.sv(55): truncated value with size 32 to match size of target (10) File: A:/MS_NT_CPE/Spring_2025/Digital_Design_2/Homeworks/DD_Final_project/vga_timing_generator.sv Line: 55
Warning (10230): Verilog HDL assignment warning at vga_timing_generator.sv(62): truncated value with size 32 to match size of target (10) File: A:/MS_NT_CPE/Spring_2025/Digital_Design_2/Homeworks/DD_Final_project/vga_timing_generator.sv Line: 62
Warning (10230): Verilog HDL assignment warning at vga_timing_generator.sv(67): truncated value with size 32 to match size of target (10) File: A:/MS_NT_CPE/Spring_2025/Digital_Design_2/Homeworks/DD_Final_project/vga_timing_generator.sv Line: 67
Warning (10230): Verilog HDL assignment warning at vga_timing_generator.sv(73): truncated value with size 32 to match size of target (10) File: A:/MS_NT_CPE/Spring_2025/Digital_Design_2/Homeworks/DD_Final_project/vga_timing_generator.sv Line: 73
Warning (10230): Verilog HDL assignment warning at vga_timing_generator.sv(92): truncated value with size 32 to match size of target (10) File: A:/MS_NT_CPE/Spring_2025/Digital_Design_2/Homeworks/DD_Final_project/vga_timing_generator.sv Line: 92
Warning (10230): Verilog HDL assignment warning at vga_timing_generator.sv(98): truncated value with size 32 to match size of target (10) File: A:/MS_NT_CPE/Spring_2025/Digital_Design_2/Homeworks/DD_Final_project/vga_timing_generator.sv Line: 98
Warning (10230): Verilog HDL assignment warning at vga_timing_generator.sv(103): truncated value with size 32 to match size of target (10) File: A:/MS_NT_CPE/Spring_2025/Digital_Design_2/Homeworks/DD_Final_project/vga_timing_generator.sv Line: 103
Warning (10230): Verilog HDL assignment warning at vga_timing_generator.sv(109): truncated value with size 32 to match size of target (10) File: A:/MS_NT_CPE/Spring_2025/Digital_Design_2/Homeworks/DD_Final_project/vga_timing_generator.sv Line: 109
Info (12128): Elaborating entity "vga_renderer" for hierarchy "vga_renderer:renderer" File: A:/MS_NT_CPE/Spring_2025/Digital_Design_2/Homeworks/DD_Final_project/top.sv Line: 50
Warning (10230): Verilog HDL assignment warning at vga_renderer.sv(21): truncated value with size 32 to match size of target (3) File: A:/MS_NT_CPE/Spring_2025/Digital_Design_2/Homeworks/DD_Final_project/vga_renderer.sv Line: 21
Warning (10230): Verilog HDL assignment warning at vga_renderer.sv(22): truncated value with size 32 to match size of target (3) File: A:/MS_NT_CPE/Spring_2025/Digital_Design_2/Homeworks/DD_Final_project/vga_renderer.sv Line: 22
Info (10264): Verilog HDL Case Statement information at vga_renderer.sv(36): all case item expressions in this case statement are onehot File: A:/MS_NT_CPE/Spring_2025/Digital_Design_2/Homeworks/DD_Final_project/vga_renderer.sv Line: 36
Info (10008): Verilog HDL or VHDL information: EDA Netlist Writer cannot regroup multidimensional array "grid" into its bus
Info (10008): Verilog HDL or VHDL information: EDA Netlist Writer cannot regroup multidimensional array "grid" into its bus
Info (12128): Elaborating entity "input_controller" for hierarchy "input_controller:in_ctrl" File: A:/MS_NT_CPE/Spring_2025/Digital_Design_2/Homeworks/DD_Final_project/top.sv Line: 63
Info (12128): Elaborating entity "grid_logic" for hierarchy "grid_logic:grid_unit" File: A:/MS_NT_CPE/Spring_2025/Digital_Design_2/Homeworks/DD_Final_project/top.sv Line: 73
Info (10008): Verilog HDL or VHDL information: EDA Netlist Writer cannot regroup multidimensional array "grid_out" into its bus
Info (10008): Verilog HDL or VHDL information: EDA Netlist Writer cannot regroup multidimensional array "grid" into its bus
Info (10008): Verilog HDL or VHDL information: EDA Netlist Writer cannot regroup multidimensional array "grid_out" into its bus
Info (278001): Inferred 2 megafunctions from design logic
    Info (278004): Inferred divider/modulo megafunction ("lpm_divide") from the following logic: "vga_renderer:renderer|Div1" File: A:/MS_NT_CPE/Spring_2025/Digital_Design_2/Homeworks/DD_Final_project/vga_renderer.sv Line: 22
    Info (278004): Inferred divider/modulo megafunction ("lpm_divide") from the following logic: "vga_renderer:renderer|Div0" File: A:/MS_NT_CPE/Spring_2025/Digital_Design_2/Homeworks/DD_Final_project/vga_renderer.sv Line: 21
Info (12130): Elaborated megafunction instantiation "vga_renderer:renderer|lpm_divide:Div1" File: A:/MS_NT_CPE/Spring_2025/Digital_Design_2/Homeworks/DD_Final_project/vga_renderer.sv Line: 22
Info (12133): Instantiated megafunction "vga_renderer:renderer|lpm_divide:Div1" with the following parameter: File: A:/MS_NT_CPE/Spring_2025/Digital_Design_2/Homeworks/DD_Final_project/vga_renderer.sv Line: 22
    Info (12134): Parameter "LPM_WIDTHN" = "10"
    Info (12134): Parameter "LPM_WIDTHD" = "7"
    Info (12134): Parameter "LPM_NREPRESENTATION" = "UNSIGNED"
    Info (12134): Parameter "LPM_DREPRESENTATION" = "UNSIGNED"
Info (12021): Found 1 design units, including 1 entities, in source file db/lpm_divide_hbm.tdf
    Info (12023): Found entity 1: lpm_divide_hbm File: A:/MS_NT_CPE/Spring_2025/Digital_Design_2/Homeworks/DD_Final_project/db/lpm_divide_hbm.tdf Line: 25
Info (12021): Found 1 design units, including 1 entities, in source file db/sign_div_unsign_nlh.tdf
    Info (12023): Found entity 1: sign_div_unsign_nlh File: A:/MS_NT_CPE/Spring_2025/Digital_Design_2/Homeworks/DD_Final_project/db/sign_div_unsign_nlh.tdf Line: 25
Info (12021): Found 1 design units, including 1 entities, in source file db/alt_u_div_kve.tdf
    Info (12023): Found entity 1: alt_u_div_kve File: A:/MS_NT_CPE/Spring_2025/Digital_Design_2/Homeworks/DD_Final_project/db/alt_u_div_kve.tdf Line: 23
Info (286030): Timing-Driven Synthesis is running
Info (17049): 6 registers lost all their fanouts during netlist optimizations.
Info (16010): Generating hard_block partition "hard_block:auto_generated_inst"
    Info (16011): Adding 5 node(s), including 0 DDIO, 1 PLL, 0 transceiver and 0 LCELL
Warning (21074): Design contains 2 input pin(s) that do not drive logic
    Warning (15610): No output dependent on input pin "KEY[2]" File: A:/MS_NT_CPE/Spring_2025/Digital_Design_2/Homeworks/DD_Final_project/top.sv Line: 4
    Warning (15610): No output dependent on input pin "KEY[3]" File: A:/MS_NT_CPE/Spring_2025/Digital_Design_2/Homeworks/DD_Final_project/top.sv Line: 4
Info (21057): Implemented 450 device resources after synthesis - the final resource count might be different
    Info (21058): Implemented 8 input pins
    Info (21059): Implemented 27 output pins
    Info (21061): Implemented 414 logic cells
    Info (21065): Implemented 1 PLLs
Info: Quartus Prime Analysis & Synthesis was successful. 0 errors, 14 warnings
    Info: Peak virtual memory: 4865 megabytes
    Info: Processing ended: Thu Apr 24 20:51:27 2025
    Info: Elapsed time: 00:00:06
    Info: Total CPU time (on all processors): 00:00:03


